// Jest Snapshot v1, https://goo.gl/fbAQLP

exports[`TEST: \`HEADER\` COMPONENT >>> generates navigation menu as intended (1) 1`] = `
<div>
  <div>
    <nav
      className="navbar navbar-expand-lg navbar-dark bg-success"
      id="headerNavbar"
    >
      <a
        className="navbar-brand"
        href="/home"
        onClick={[Function]}
      >
        <h1
          style={
            Object {
              "color": "white",
            }
          }
        >
          Â 
          ADAMS
           
          <i
            class="fab fa-apple"
          />
        </h1>
      </a>
      <button
        aria-controls="basic-navbar-nav"
        aria-label="Toggle navigation"
        className="navbar-toggler collapsed"
        onClick={[Function]}
        type="button"
      >
        <span
          className="navbar-toggler-icon"
        />
      </button>
      <div
        aria-expanded={null}
        className="navbar-collapse collapse"
        id="basic-navbar-nav"
      >
        <div
          className="mr-auto navbar-nav"
          onKeyDown={[Function]}
        />
        <div
          className="navbar-nav"
          onKeyDown={[Function]}
        >
          <div
            className="navbar-nav"
            onKeyDown={[Function]}
          >
            <a
              className="nav-link"
              data-rb-event-key={null}
              disabled={false}
              href="/home"
              onClick={[Function]}
            >
              <i
                class="fas fa-2x fa-home"
              />
            </a>
            <a
              className="nav-link"
              data-rb-event-key={null}
              disabled={false}
              href="/search"
              onClick={[Function]}
            >
              <i
                class="fas fa-2x fa-search"
              />
            </a>
            <a
              className="nav-link"
              data-rb-event-key={null}
              disabled={false}
              href="/favorites"
              onClick={[Function]}
            >
              <i
                class="fas fa-2x fa-star"
              />
            </a>
          </div>
        </div>
      </div>
    </nav>
  </div>
</div>
`;

exports[`TEST: \`INPUT\` COMPONENT >>> it generates a sidebar with an input box + option menu + cmd buttons + welcome area (2) 1`] = `
Array [
  <div
    className="col-3"
  >
    <div
      className="flex-column col-md-12 d-none d-md-block nav"
      onKeyDown={[Function]}
    >
      <div
        className="container-fluid"
      >
        <div
          class="sidebar"
        >
          <a
            className="nav-link"
            data-rb-event-key={null}
            disabled={false}
            href="/search"
            onClick={[Function]}
          >
            <i
              class="fas fa-2x fa-search sidebarSearchIcon"
            />
          </a>
          <hr />
          <a
            className="nav-link"
            data-rb-event-key={null}
            href="#"
            onClick={[Function]}
            onKeyDown={[Function]}
            role="button"
          >
            <div
              className="searchInput"
            >
              <input
                autoComplete="on"
                class="form-control"
                id="inputSearchBox"
                onKeyDown={[Function]}
                placeholder="Search..."
                type="text"
              />
              <div
                className="dropdown"
                onClick={[Function]}
                onKeyDown={[Function]}
              >
                <button
                  aria-expanded={false}
                  aria-haspopup={true}
                  className="dropdown-toggle btn btn-primary"
                  disabled={false}
                  id="inputDropDownCategory"
                  onClick={[Function]}
                  type="button"
                >
                  CATEGORY
                </button>
              </div>
              <div
                className="inputButtons"
              >
                <button
                  className="buttonSearch btn btn-success"
                  disabled={false}
                  onClick={[Function]}
                  type="button"
                >
                  SEARCH
                </button>
                <a
                  className="buttonSearch btn btn-secondary"
                  disabled={false}
                  href="/search"
                  onClick={[Function]}
                >
                  CLEAR
                </a>
              </div>
            </div>
          </a>
          <hr />
          <a
            className="nav-link"
            data-rb-event-key={null}
            disabled={false}
            href="/favorites"
            onClick={[Function]}
          >
            <i
              class="fas fa-2x fa-star sidebarStarIcon"
            />
          </a>
        </div>
      </div>
    </div>
  </div>,
  <div
    className="col-9"
  >
    <div
      className="searchWelcome"
    >
      <div
        className="fade alert alert-dark show"
        role="alert"
      >
        <h1>
          [ New Search Awaits ]
        </h1>
        <ul>
          <li>
            Use the side-bar on your left to search.
          </li>
          <li>
            Filter your search to a specific category.
          </li>
          <li>
            Favorite items by clicking on the star icons.
          </li>
          <li>
            Access favorites from the big star on the sidebar.
          </li>
          <li>
            Thanks for visiting 
            <i>
              Apple Adam's API 
            </i>
             :)
          </li>
        </ul>
      </div>
    </div>
  </div>,
]
`;

exports[`TEST: \`SEARCH RESULTS\` COMPONENT >>> it auto-generates fictional search results from json array (3) 1`] = `
<div
  className="col-9"
>
  <div
    className="container"
  >
    <div
      className="fade resultAlert alert alert-dark show"
      role="alert"
    >
      search_for: [Mariah Carey] ||| status: [delivered!]
    </div>
    
    <div
      className="searchResults row"
    >
       
      <div
        className="col-3"
      >
        <div
          className="resultsCard card"
        >
          <img
            className="card-img-top"
            src="https://is1-ssl.mzstatic.com/image/thumb/Music4/v4/f7/04/0c/f7040cc4-be4a-8935-094e-a3e9c23eb6b2/source/1000x1000bb.jpg"
          />
          <div
            className="card-body"
          >
            <div
              class="resultsCardTitle"
              className="card-title h5"
            >
              <i>
                <h5>
                  Mariah Carey
                </h5>
              </i>
            </div>
          </div>
          <div
            className="list-group-flush list-group"
            onKeyDown={[Function]}
          >
            <div
              className="list-group-item"
              data-rb-event-key={null}
              disabled={false}
              onClick={[Function]}
              style={
                Object {
                  "display": "flex",
                }
              }
            >
              <div
                className="resultsCardItem"
              >
                <h6>
                  Track: 
                </h6>
                <h5>
                  All I Want For Christmas Is You
                </h5>
              </div>
            </div>
            <div
              className="list-group-item"
              data-rb-event-key={null}
              disabled={false}
              onClick={[Function]}
              style={
                Object {
                  "display": "flex",
                }
              }
            >
              <div
                className="resultsCardItem"
              >
                <h6>
                  Album: 
                </h6>
                <h5>
                  Merry Christmas
                </h5>
              </div>
            </div>
            <div
              className="list-group-item"
              data-rb-event-key={null}
              disabled={false}
              onClick={[Function]}
              style={
                Object {
                  "display": "none",
                }
              }
            >
              <div
                className="resultsCardItem"
              >
                <h6>
                  
                </h6>
                <h5 />
              </div>
            </div>
            <div
              className="list-group-item"
              data-rb-event-key={null}
              disabled={false}
              onClick={[Function]}
              style={
                Object {
                  "display": "none",
                }
              }
            >
              <div
                className="resultsCardItem"
              >
                <h6>
                  
                </h6>
                <h5 />
              </div>
            </div>
            <div
              className="list-group-item"
              data-rb-event-key={null}
              disabled={false}
              onClick={[Function]}
              style={
                Object {
                  "display": "none",
                }
              }
            >
              <div
                className="resultsCardItem"
              >
                <h6>
                  
                </h6>
                <h5 />
              </div>
            </div>
            <div
              className="list-group-item"
              data-rb-event-key={null}
              disabled={false}
              onClick={[Function]}
              style={
                Object {
                  "display": "none",
                }
              }
            >
              <div
                className="resultsCardItem"
                style={
                  Object {
                    "color": "darkred",
                  }
                }
              >
                <h6>
                  
                </h6>
                <h5>
                  $
                </h5>
              </div>
            </div>
            <div
              className="list-group-item"
              data-rb-event-key={null}
              disabled={false}
              onClick={[Function]}
              style={
                Object {
                  "display": "flex",
                }
              }
            >
              <div
                className="resultsCardItem"
              >
                <h6>
                  Genre: 
                </h6>
                <h5>
                  Holiday
                </h5>
              </div>
            </div>
            <div
              className="list-group-item"
              data-rb-event-key={null}
              disabled={false}
              onClick={[Function]}
              style={
                Object {
                  "display": "flex",
                }
              }
            >
              <div
                className="resultsCardItem"
                style={
                  Object {
                    "color": "darkred",
                  }
                }
              >
                $
                9.99
              </div>
            </div>
          </div>
        </div>
        <i
          as={
            Object {
              "$$typeof": Symbol(react.forward_ref),
              "displayName": "Link",
              "propTypes": Object {
                "innerRef": [Function],
                "onClick": [Function],
                "replace": [Function],
                "target": [Function],
                "to": [Function],
              },
              "render": [Function],
            }
          }
          class="fas fa-star fa-1x resultsCardStarIcon"
          id={0}
          to="/search"
        />
      </div>
      <div
        className="col-3"
      >
        <div
          className="resultsCard card"
        >
          <img
            className="card-img-top"
            src="https://is4-ssl.mzstatic.com/image/thumb/Music1/v4/77/a5/9c/77a59c36-0134-c770-a157-9f2ab1c775cf/source/1000x1000bb.jpg"
          />
          <div
            className="card-body"
          >
            <div
              class="resultsCardTitle"
              className="card-title h5"
            >
              <i>
                <h5>
                  Mariah Carey
                </h5>
              </i>
            </div>
          </div>
          <div
            className="list-group-flush list-group"
            onKeyDown={[Function]}
          >
            <div
              className="list-group-item"
              data-rb-event-key={null}
              disabled={false}
              onClick={[Function]}
              style={
                Object {
                  "display": "flex",
                }
              }
            >
              <div
                className="resultsCardItem"
              >
                <h6>
                  Track: 
                </h6>
                <h5>
                  Fantasy
                </h5>
              </div>
            </div>
            <div
              className="list-group-item"
              data-rb-event-key={null}
              disabled={false}
              onClick={[Function]}
              style={
                Object {
                  "display": "flex",
                }
              }
            >
              <div
                className="resultsCardItem"
              >
                <h6>
                  Album: 
                </h6>
                <h5>
                  Greatest Hits
                </h5>
              </div>
            </div>
            <div
              className="list-group-item"
              data-rb-event-key={null}
              disabled={false}
              onClick={[Function]}
              style={
                Object {
                  "display": "none",
                }
              }
            >
              <div
                className="resultsCardItem"
              >
                <h6>
                  
                </h6>
                <h5 />
              </div>
            </div>
            <div
              className="list-group-item"
              data-rb-event-key={null}
              disabled={false}
              onClick={[Function]}
              style={
                Object {
                  "display": "none",
                }
              }
            >
              <div
                className="resultsCardItem"
              >
                <h6>
                  
                </h6>
                <h5 />
              </div>
            </div>
            <div
              className="list-group-item"
              data-rb-event-key={null}
              disabled={false}
              onClick={[Function]}
              style={
                Object {
                  "display": "none",
                }
              }
            >
              <div
                className="resultsCardItem"
              >
                <h6>
                  
                </h6>
                <h5 />
              </div>
            </div>
            <div
              className="list-group-item"
              data-rb-event-key={null}
              disabled={false}
              onClick={[Function]}
              style={
                Object {
                  "display": "none",
                }
              }
            >
              <div
                className="resultsCardItem"
                style={
                  Object {
                    "color": "darkred",
                  }
                }
              >
                <h6>
                  
                </h6>
                <h5>
                  $
                </h5>
              </div>
            </div>
            <div
              className="list-group-item"
              data-rb-event-key={null}
              disabled={false}
              onClick={[Function]}
              style={
                Object {
                  "display": "flex",
                }
              }
            >
              <div
                className="resultsCardItem"
              >
                <h6>
                  Genre: 
                </h6>
                <h5>
                  R&B/Soul
                </h5>
              </div>
            </div>
            <div
              className="list-group-item"
              data-rb-event-key={null}
              disabled={false}
              onClick={[Function]}
              style={
                Object {
                  "display": "flex",
                }
              }
            >
              <div
                className="resultsCardItem"
                style={
                  Object {
                    "color": "darkred",
                  }
                }
              >
                $
                14.99
              </div>
            </div>
          </div>
        </div>
        <i
          as={
            Object {
              "$$typeof": Symbol(react.forward_ref),
              "displayName": "Link",
              "propTypes": Object {
                "innerRef": [Function],
                "onClick": [Function],
                "replace": [Function],
                "target": [Function],
                "to": [Function],
              },
              "render": [Function],
            }
          }
          class="fas fa-star fa-1x resultsCardStarIcon"
          id={1}
          to="/search"
        />
      </div>
    </div>
  </div>
</div>
`;
